// Jest Snapshot v1, https://goo.gl/fbAQLP

exports[`MainMenu component should render MainMenu component correctly 1`] = `
<section
  className="topmenu"
>
  <div
    className="full-container"
  >
    <WithStyles(AppBar)
      position="static"
    >
      <WithStyles(Toolbar)>
        <WithStyles(IconButton)
          className="topbar-icon"
          color="inherit"
        >
          <img
            alt="handshake"
            src="handshake.png"
            width="960"
          />
        </WithStyles(IconButton)>
        <NavLink
          activeClassName="is-active"
          aria-current="page"
          className="nav topbar-home"
          exact={true}
          to="/"
        >
          <WithStyles(Typography)
            className="topbar-grow"
            color="inherit"
            variant="h6"
          >
            Rock•Paper•Scissors
          </WithStyles(Typography)>
        </NavLink>
      </WithStyles(Toolbar)>
    </WithStyles(AppBar)>
  </div>
</section>
`;
