// Jest Snapshot v1, https://goo.gl/fbAQLP

exports[`NotFound page component should render NotFound page correctly 1`] = `
<div
  className="not-found"
>
  <h2
    className="not-found-title"
  >
    Page Not Found
  </h2>
  <Link
    className="not-found-link"
    replace={false}
    to="/"
  >
    Back to Homepage
  </Link>
</div>
`;
